com.bst.user.registration.dto.tests.UserRegistrationDTOTest.testDefaultConstruction=[
  {}
]


com.bst.user.registration.dto.tests.UserRegistrationDTOTest.testFields=[
  {
    "email": "some-email",
    "reReCaptchaResponse": "some-captcha"
  }
]