com.bst.user.registration.entities.test.RegistrationTokenTest.testGetEmail=[
  "some-email"
]


com.bst.user.registration.entities.test.RegistrationTokenTest.testRegistrationToken=[
  {
    "createdDate": "May 23, 2015 2:00:00 AM"
  }
]


com.bst.user.registration.entities.test.RegistrationTokenTest.testRegistrationTokenString=[
  {
    "createdDate": "May 23, 2015 2:00:00 AM",
    "email": "some-email"
  }
]