{
  "testRegistrationStates" : [ "OK", {
    "captchaKey" : "test captcha key"
  }, "OK", { }, "OK", { } ]
}